../resource/port/port_i2c.c:10:28:port_i2c_CmpltCallback	16	static
../resource/port/port_i2c.c:15:28:port_i2c_ErrorCallback	16	static
../resource/port/port_i2c.c:20:6:HAL_I2C_MasterTxCpltCallback	16	static
../resource/port/port_i2c.c:26:6:HAL_I2C_MasterRxCpltCallback	16	static
../resource/port/port_i2c.c:32:6:HAL_I2C_MemTxCpltCallback	16	static
../resource/port/port_i2c.c:38:6:HAL_I2C_MemRxCpltCallback	16	static
../resource/port/port_i2c.c:44:6:HAL_I2C_ErrorCallback	16	static
../resource/port/port_i2c.c:50:20:ClearFlags	4	static
../resource/port/port_i2c.c:56:21:port_i2c_Init	24	static
../resource/port/port_i2c.c:84:21:port_i2c_DeInit	24	static
../resource/port/port_i2c.c:97:6:port_i2c_Scan	24	static
../resource/port/port_i2c.c:112:21:port_i2c_Write	32	static
../resource/port/port_i2c.c:138:21:port_i2c_Read	32	static
../resource/port/port_i2c.c:164:21:port_i2c_RegWrite	40	static
../resource/port/port_i2c.c:190:21:port_i2c_RegRead	40	static
../resource/port/port_i2c.c:216:21:port_i2c_CheckDevice	32	static
