../resource/port/port_gpio.c:3:28:port_gpio_Callback	16	static
../resource/port/port_gpio.c:8:6:HAL_GPIO_EXTI_Callback	16	static
../resource/port/port_gpio.c:13:22:port_gpio_Init	56	static
../resource/port/port_gpio.c:51:22:port_gpio_DeInit	16	static
../resource/port/port_gpio.c:57:6:port_gpio_EnableIrq	16	static
../resource/port/port_gpio.c:63:6:port_gpio_DisableIrq	8	static
../resource/port/port_gpio.c:68:6:port_gpio_WritePin	16	static
../resource/port/port_gpio.c:73:19:port_gpio_ReadPin	16	static
../resource/port/port_gpio.c:82:6:port_gpio_TogglePin	16	static
