../resource/port/port_timer.c:3:23:port_timer_InitOneShot	16	static
../resource/port/port_timer.c:12:23:port_timer_InitPeriodic	16	static
../resource/port/port_timer.c:21:23:port_timer_StartOneShot	24	static
../resource/port/port_timer.c:31:23:port_timer_StartPeriodic	24	static
../resource/port/port_timer.c:41:23:port_timer_Stop	24	static
../resource/port/port_timer.c:51:9:port_timer_IsRunning	24	static
../resource/port/port_timer.c:62:23:port_timer_DeInit	24	static
../resource/port/port_timer.c:72:6:port_timer_Delay	16	static
../resource/port/port_timer.c:80:10:port_timer_GetMillis	8	static
