../resource/port/port_i2c.c:11:28:port_i2c_CmpltCallback	16	static
../resource/port/port_i2c.c:16:28:port_i2c_ErrorCallback	16	static
../resource/port/port_i2c.c:21:6:HAL_I2C_MasterTxCpltCallback	16	static
../resource/port/port_i2c.c:27:6:HAL_I2C_MasterRxCpltCallback	16	static
../resource/port/port_i2c.c:33:6:HAL_I2C_MemTxCpltCallback	16	static
../resource/port/port_i2c.c:39:6:HAL_I2C_MemRxCpltCallback	16	static
../resource/port/port_i2c.c:45:6:HAL_I2C_ErrorCallback	16	static
../resource/port/port_i2c.c:51:20:ClearFlags	4	static
../resource/port/port_i2c.c:57:21:port_i2c_Init	24	static
../resource/port/port_i2c.c:85:21:port_i2c_DeInit	24	static
../resource/port/port_i2c.c:98:6:port_i2c_Scan	24	static
../resource/port/port_i2c.c:113:21:port_i2c_Write	32	static
../resource/port/port_i2c.c:139:21:port_i2c_Read	32	static
../resource/port/port_i2c.c:165:21:port_i2c_RegWrite	40	static
../resource/port/port_i2c.c:191:21:port_i2c_RegRead	40	static
../resource/port/port_i2c.c:217:21:port_i2c_CheckDevice	32	static
