../resource/atc/atc.c:124:6:port_uart_Callback	16	static
../resource/atc/atc.c:147:8:atc_Init	16	static
../resource/atc/atc.c:157:29:GsmCommander	32	static
../resource/atc/atc.c:216:53:GpsCommander	24	static
../resource/atc/atc.c:221:9:HandleTest	40	static
../resource/atc/atc.c:236:9:HandleGetImsi	56	static
../resource/atc/atc.c:255:9:HandleGetIccid	56	static
../resource/atc/atc.c:274:9:HandleGetModemInfo	80	static
../resource/atc/atc.c:291:9:HandleGetNwRegStatus	48	static
../resource/atc/atc.c:309:9:HandleCheckNwRssi	56	static
../resource/atc/atc.c:330:9:HandleGetNwOperatorName	88	static
../resource/atc/atc.c:356:9:HandleNetworkDeregister	40	static
../resource/atc/atc.c:370:9:HandleNetworkReRegister	40	static
../resource/atc/atc.c:384:9:HandleScanAvailableNetworks	16	static
../resource/atc/atc.c:391:9:HandleSimChannelCheck	48	static
../resource/atc/atc.c:406:9:HandleSimSwapEsim	80	static
../resource/atc/atc.c:420:9:HandleSimSwapExtSim	80	static
../resource/atc/atc.c:434:9:HandleHubbleRegStatus	80	static
../resource/atc/atc.c:448:9:HandleModemReboot	40	static
../resource/atc/atc.c:462:9:atc_CmdLookUpTable	24	static
../resource/atc/atc.c:477:8:atc_DeInit	16	static
