../resource/atc/atc.c:123:6:port_uart_Callback	16	static
../resource/atc/atc.c:148:8:atc_Init	16	static
../resource/atc/atc.c:158:29:Commander	32	static
../resource/atc/atc.c:205:9:HandleTest	40	static
../resource/atc/atc.c:220:9:HandleGetImsi	56	static
../resource/atc/atc.c:239:9:HandleGetIccid	56	static
../resource/atc/atc.c:258:9:HandleGetModemInfo	80	static
../resource/atc/atc.c:275:9:HandleGetNwRegStatus	48	static
../resource/atc/atc.c:293:9:HandleCheckNwRssi	56	static
../resource/atc/atc.c:314:9:HandleGetNwOperatorName	88	static
../resource/atc/atc.c:340:9:HandleNetworkDeregister	40	static
../resource/atc/atc.c:354:9:HandleNetworkReRegister	40	static
../resource/atc/atc.c:368:9:HandleScanAvailableNetworks	16	static
../resource/atc/atc.c:375:9:HandleSimChannelCheck	48	static
../resource/atc/atc.c:390:9:HandleSimSwapEsim	80	static
../resource/atc/atc.c:404:9:HandleSimSwapExtSim	80	static
../resource/atc/atc.c:418:9:HandleHubbleRegStatus	80	static
../resource/atc/atc.c:432:9:HandleModemReboot	40	static
../resource/atc/atc.c:446:9:atc_CmdLookUpTable	24	static
../resource/atc/atc.c:461:8:atc_DeInit	16	static
