../Drivers/STM32F4xx_HAL_Driver/Inc/stm32f4xx_ll_usart.h:1792:26:LL_USART_IsActiveFlag_RXNE	16	static
../resource/atc/atc.c:128:6:port_uart_Callback	16	static
../resource/atc/atc.c:135:29:SendCmd	32	static
../resource/atc/atc.c:161:29:RecvCmd	32	static
../resource/atc/atc.c:188:8:atc_Init	16	static
../resource/atc/atc.c:197:9:HandleTest	40	static
../resource/atc/atc.c:233:9:HandleGetImsi	48	static
../resource/atc/atc.c:254:9:HandleGetIccid	48	static
../resource/atc/atc.c:274:9:HandleGetModemInfo	72	static
../resource/atc/atc.c:292:9:HandleGetNwRegStatus	40	static
../resource/atc/atc.c:311:9:HandleCheckNwRssi	48	static
../resource/atc/atc.c:333:9:HandleGetNwOperatorName	80	static
../resource/atc/atc.c:360:9:HandleNetworkDeregister	32	static
../resource/atc/atc.c:375:9:HandleNetworkReRegister	32	static
../resource/atc/atc.c:390:9:HandleScanAvailableNetworks	16	static
../resource/atc/atc.c:396:9:HandleSimChannelCheck	40	static
../resource/atc/atc.c:412:9:HandleSimSwapEsim	72	static
../resource/atc/atc.c:427:9:HandleSimSwapExtSim	72	static
../resource/atc/atc.c:442:9:HandleHubbleRegStatus	72	static
../resource/atc/atc.c:457:9:HandleModemReboot	32	static
../resource/atc/atc.c:472:9:atc_CmdLookUpTable	24	static
../resource/atc/atc.c:487:8:atc_DeInit	16	static
