../resource/atc/atc.c:132:13:PrintMe	24	static
../resource/atc/atc.c:142:6:port_uart_Callback	16	static
../resource/atc/atc.c:163:16:SendAtCmd	32	static
../resource/atc/atc.c:206:16:HandleTest	32	static
../resource/atc/atc.c:214:16:HandleGetImsi	64	static
../resource/atc/atc.c:230:16:HandleGetIccid	64	static
../resource/atc/atc.c:246:16:HandleGetModemInfo	88	static
../resource/atc/atc.c:262:16:HandleGetNwRegStatus	56	static
../resource/atc/atc.c:277:16:HandleCheckNwRssi	64	static
../resource/atc/atc.c:298:16:HandleGetNwOperatorName	96	static
../resource/atc/atc.c:324:16:HandleNetworkDeregister	32	static
../resource/atc/atc.c:332:16:HandleNetworkReRegister	32	static
../resource/atc/atc.c:340:16:HandleScanAvailableNetworks	16	static
../resource/atc/atc.c:347:16:HandleSimChannelCheck	56	static
../resource/atc/atc.c:362:16:HandleSimSwapEsim	32	static
../resource/atc/atc.c:370:16:HandleSimSwapExtSim	32	static
../resource/atc/atc.c:378:16:HandleHubbleRegStatus	32	static
../resource/atc/atc.c:386:16:HandleModemReboot	32	static
../resource/atc/atc.c:394:9:atc_CmdLookUpTable	24	static
../resource/atc/atc.c:409:8:atc_Init	16	static
../resource/atc/atc.c:424:8:atc_DeInit	16	static
../resource/atc/atc.c:431:6:USART1_IRQHandler	8	static
