../resource/atc/atc.c:132:13:PrintMe	24	static
../resource/atc/atc.c:144:6:port_uart_Callback	16	static
../resource/atc/atc.c:165:16:SendAtCmd	32	static
../resource/atc/atc.c:216:16:HandleTest	32	static
../resource/atc/atc.c:224:16:HandleGetImsi	64	static
../resource/atc/atc.c:240:16:HandleGetIccid	64	static
../resource/atc/atc.c:256:16:HandleGetModemInfo	88	static
../resource/atc/atc.c:272:16:HandleGetNwRegStatus	56	static
../resource/atc/atc.c:287:16:HandleCheckNwRssi	64	static
../resource/atc/atc.c:308:16:HandleGetNwOperatorName	96	static
../resource/atc/atc.c:334:16:HandleNetworkDeregister	32	static
../resource/atc/atc.c:342:16:HandleNetworkReRegister	32	static
../resource/atc/atc.c:350:16:HandleScanAvailableNetworks	16	static
../resource/atc/atc.c:357:16:HandleSimChannelCheck	56	static
../resource/atc/atc.c:372:16:HandleSimSwapEsim	32	static
../resource/atc/atc.c:380:16:HandleSimSwapExtSim	32	static
../resource/atc/atc.c:388:16:HandleHubbleRegStatus	32	static
../resource/atc/atc.c:396:16:HandleModemReboot	32	static
../resource/atc/atc.c:404:9:atc_CmdLookUpTable	24	static
../resource/atc/atc.c:419:8:atc_Init	16	static
../resource/atc/atc.c:434:8:atc_DeInit	16	static
../resource/atc/atc.c:441:6:USART1_IRQHandler	8	static
