../resource/intf/intf_at.c:26:13:ClearRecv	8	static
../resource/intf/intf_at.c:33:6:port_uart_Callback	16	static
../resource/intf/intf_at.c:53:20:intf_at_Init	24	static
../resource/intf/intf_at.c:62:20:intf_at_DeInit	24	static
../resource/intf/intf_at.c:71:20:intf_at_Command	32	static
../resource/intf/intf_at.c:117:20:intf_at_SendOnlyCmd	32	static
../resource/intf/intf_at.c:126:10:intf_at_pUnsolRespChecker	16	static
../resource/intf/intf_at.c:134:6:intf_at_SetUnsolRespCheckerFlag	16	static
../resource/intf/intf_at.c:140:9:intf_at_GetUnsolRespCheckerFlag	4	static
../resource/intf/intf_at.c:145:6:intf_at_ClearRecvBuff	8	static
