../resource/intf/intf_at.c:27:20:DebugPrint	16	static
../resource/intf/intf_at.c:45:13:ClearRecv	8	static
../resource/intf/intf_at.c:52:23:IsSubStrPresent	16	static
../resource/intf/intf_at.c:58:6:port_uart_Callback	16	static
../resource/intf/intf_at.c:75:20:intf_at_Init	24	static
../resource/intf/intf_at.c:84:20:intf_at_DeInit	24	static
../resource/intf/intf_at.c:93:20:intf_at_Command	32	static
../resource/intf/intf_at.c:142:20:intf_at_SendOnlyCmd	32	static
../resource/intf/intf_at.c:151:6:intf_at_UnsolRespChecker	16	static
