../resource/service/service_at.c:85:26:pCmdLukUpTbl	24	static
../resource/service/service_at.c:95:16:CimiHandler	96	static
../resource/service/service_at.c:108:16:AtiHandler	48	static
../resource/service/service_at.c:123:16:IccidHandler	96	static
../resource/service/service_at.c:136:16:SimSlotHandler	72	static
../resource/service/service_at.c:153:16:CregHandler	80	static
../resource/service/service_at.c:171:16:CsqHandler	88	static
../resource/service/service_at.c:187:16:GpsPosHandler	152	static
../resource/service/service_at.c:206:16:MqttPubHandler	24	static
../resource/service/service_at.c:217:16:UnsolSmsHandler	56	dynamic
../resource/service/service_at.c:230:9:service_at_Init	16	static
../resource/service/service_at.c:245:9:service_at_Set	40	static
../resource/service/service_at.c:263:9:service_at_Read	56	static
../resource/service/service_at.c:291:9:service_at_Execute	56	static
../resource/service/service_at.c:319:9:service_at_Test	40	static
../resource/service/service_at.c:337:6:service_at_UnsolRespCheckerTask	40	static
