../resource/service/service_at.c:97:26:pCmdLukUpTbl	24	static
../resource/service/service_at.c:107:16:CimiHandler	96	static
../resource/service/service_at.c:120:16:AtiHandler	48	static
../resource/service/service_at.c:135:16:IccidHandler	96	static
../resource/service/service_at.c:148:16:SimSlotHandler	72	static
../resource/service/service_at.c:165:16:CregHandler	80	static
../resource/service/service_at.c:183:16:PdnHandler	72	static
../resource/service/service_at.c:196:16:CsqHandler	88	static
../resource/service/service_at.c:212:16:GpsPosHandler	152	static
../resource/service/service_at.c:231:16:MqttPubHandler	96	static
../resource/service/service_at.c:244:16:MqttSubHandler	96	static
../resource/service/service_at.c:257:16:MqttCreateHandler	96	static
../resource/service/service_at.c:270:16:MqttDeleteHandler	96	static
../resource/service/service_at.c:284:16:MqttConnectHandler	96	static
../resource/service/service_at.c:297:16:MqttDisconnectHandler	96	static
../resource/service/service_at.c:310:16:UnsolSmsHandler	56	dynamic
../resource/service/service_at.c:323:9:service_at_Init	16	static
../resource/service/service_at.c:338:9:service_at_Write	40	static
../resource/service/service_at.c:356:9:service_at_Read	56	static
../resource/service/service_at.c:384:9:service_at_Execute	56	static
../resource/service/service_at.c:412:9:service_at_Test	40	static
../resource/service/service_at.c:430:6:service_at_UnsolRespCheckerTask	40	static
